[
  {
    "scope": "https://sqs.us-west-2.amazonaws.com:443",
    "method": "POST",
    "path": "/",
    "body": {
      "Entries": [
        {
          "Id": "4f494d6b422d1e5fbbe6b6d82584ce7f70c1530f",
          "MessageBody": "{\"k\":1}"
        },
        {
          "Id": "743966ceb52ce2e8c7a2424f4d652e3b7936f1ee",
          "MessageBody": "{\"k\":2}"
        }
      ],
      "QueueUrl": "https://sqs.us-west-2.amazonaws.com/123456789101/service-name-data-local-SomeQueue"
    },
    "status": 200,
    "response": {
      "Successful": [],
      "Failed": [
        {
          "Id": "4f494d6b422d1e5fbbe6b6d82584ce7f70c1530f",
          "SenderFault": "false",
          "Code": "InternalError"
        },
        {
          "Id": "743966ceb52ce2e8c7a2424f4d652e3b7936f1ee",
          "SenderFault": "false",
          "Code": "InternalError"
        }
      ]
    },
    "reqheaders": {
      "amz-sdk-invocation-id": "^[0-9a-fA-F]{8}-[0-9a-fA-F]{4}-[0-9a-fA-F]{4}-[0-9a-fA-F]{4}-[0-9a-fA-F]{12}$",
      "amz-sdk-request": "attempt=1; max=3",
      "authorization": "^AWS4-HMAC-SHA256 Credential=.+$",
      "content-length": "^[1-9][0-9]*$",
      "content-type": "application/x-amz-json-1.0",
      "host": "sqs.us-west-2.amazonaws.com",
      "user-agent": "^aws-sdk-js/.+$",
      "x-amz-content-sha256": "^[a-f0-9]{64}$",
      "x-amz-date": "^[0-9]{8}T[0-9]{6}Z$",
      "x-amz-target": "AmazonSQS.SendMessageBatch",
      "x-amz-user-agent": "^aws-sdk-js/[0-9]+.[0-9]+.[0-9]+$",
      "x-amzn-query-mode": "true"
    }
  },
  {
    "scope": "https://sqs.us-west-2.amazonaws.com:443",
    "method": "POST",
    "path": "/",
    "body": {
      "Entries": [
        {
          "Id": "4f494d6b422d1e5fbbe6b6d82584ce7f70c1530f",
          "MessageBody": "{\"k\":1}"
        },
        {
          "Id": "743966ceb52ce2e8c7a2424f4d652e3b7936f1ee",
          "MessageBody": "{\"k\":2}"
        }
      ],
      "QueueUrl": "https://sqs.us-west-2.amazonaws.com/123456789101/service-name-data-local-SomeQueue"
    },
    "status": 200,
    "response": {
      "Successful": [
        {
          "Id": "4f494d6b422d1e5fbbe6b6d82584ce7f70c1530f",
          "MessageId": "c0004b0c-ea00-498a-a5a2-362703c0b621",
          "MD5OfMessageBody": "e59138f35192e320088b83d28388d6bb"
        },
        {
          "Id": "743966ceb52ce2e8c7a2424f4d652e3b7936f1ee",
          "MessageId": "c0004b0c-ea00-498a-a5a2-362703c0b621",
          "MD5OfMessageBody": "0dc3f48bc3e78aed8f69f72be8a11087"
        }
      ],
      "Failed": []
    },
    "reqheaders": {
      "amz-sdk-invocation-id": "^[0-9a-fA-F]{8}-[0-9a-fA-F]{4}-[0-9a-fA-F]{4}-[0-9a-fA-F]{4}-[0-9a-fA-F]{12}$",
      "amz-sdk-request": "attempt=1; max=3",
      "authorization": "^AWS4-HMAC-SHA256 Credential=.+$",
      "content-length": "^[1-9][0-9]*$",
      "content-type": "application/x-amz-json-1.0",
      "host": "sqs.us-west-2.amazonaws.com",
      "user-agent": "^aws-sdk-js/.+$",
      "x-amz-content-sha256": "^[a-f0-9]{64}$",
      "x-amz-date": "^[0-9]{8}T[0-9]{6}Z$",
      "x-amz-target": "AmazonSQS.SendMessageBatch",
      "x-amz-user-agent": "^aws-sdk-js/[0-9]+.[0-9]+.[0-9]+$",
      "x-amzn-query-mode": "true"
    }
  }
]
