[
  {
    "scope": "https://sqs.us-west-2.amazonaws.com:443",
    "method": "POST",
    "path": "/",
    "body": {
      "Attributes": {
        "DelaySeconds": "0",
        "MaximumMessageSize": "262144",
        "MessageRetentionPeriod": "345600",
        "ReceiveMessageWaitTimeSeconds": "0",
        "VisibilityTimeout": "360",
        "RedrivePolicy": "{\"deadLetterTargetArn\":\"arn:aws:sqs:us-west-2:012345678910:some-queue-arn\",\"maxReceiveCount\":10}"
      },
      "QueueName": "some-queue-name",
      "tags": {
        "tagA": "33a8baaf-6aed-4abc-95eb-95e40a8f4fa9",
        "tagB": "92769396-e725-452e-b56c-969b765bb731",
        "lastModified": "2022-06-27T21:08:54.033Z"
      }
    },
    "status": 200,
    "response": "<?xml some bad xml",
    "responseIsBinary": false,
    "reqheaders": {
      "amz-sdk-invocation-id": "^[0-9a-fA-F]{8}-[0-9a-fA-F]{4}-[0-9a-fA-F]{4}-[0-9a-fA-F]{4}-[0-9a-fA-F]{12}$",
      "amz-sdk-request": "attempt=1; max=3",
      "authorization": "^AWS4-HMAC-SHA256 Credential=.+$",
      "content-length": "^[1-9][0-9]*$",
      "content-type": "application/x-amz-json-1.0",
      "host": "sqs.us-west-2.amazonaws.com",
      "user-agent": "^aws-sdk-js/.+$",
      "x-amz-content-sha256": "^[a-f0-9]{64}$",
      "x-amz-date": "^[0-9]{8}T[0-9]{6}Z$",
      "x-amz-target": "AmazonSQS.CreateQueue",
      "x-amz-user-agent": "^aws-sdk-js/[0-9]+.[0-9]+.[0-9]+$",
      "x-amzn-query-mode": "true"
    }
  }
]
