[
  {
    "scope": "https://sqs.us-west-2.amazonaws.com:443",
    "method": "POST",
    "path": "/",
    "body": {
      "Attributes": {
        "RedrivePolicy": "{\"deadLetterTargetArn\":\"arn:aws:sqs:us-west-2:12345678910:some-queue-arn\",\"maxReceiveCount\":10}"
      },
      "QueueUrl": "https://sqs.us-west-2.amazonaws.com/123456789101/service-name-data-local-SomeQueue"
    },
    "status": 200,
    "response": {},
    "responseIsBinary": false,
    "reqheaders": {
      "amz-sdk-invocation-id": "^[0-9a-fA-F]{8}-[0-9a-fA-F]{4}-[0-9a-fA-F]{4}-[0-9a-fA-F]{4}-[0-9a-fA-F]{12}$",
      "amz-sdk-request": "attempt=1; max=3",
      "authorization": "^AWS4-HMAC-SHA256 Credential=.+$",
      "content-length": "^[1-9][0-9]*$",
      "content-type": "application/x-amz-json-1.0",
      "host": "sqs.us-west-2.amazonaws.com",
      "user-agent": "^aws-sdk-js/.+$",
      "x-amz-content-sha256": "^[a-f0-9]{64}$",
      "x-amz-date": "^[0-9]{8}T[0-9]{6}Z$",
      "x-amz-target": "AmazonSQS.SetQueueAttributes",
      "x-amz-user-agent": "^aws-sdk-js/[0-9]+.[0-9]+.[0-9]+$",
      "x-amzn-query-mode": "true"
    }
  }
]
